#Sample	Gene	SolutionID	Major	Minor	Copy	Allele	Location	Type	Coverage	Effect	dbSNP	Code	Status
#Solution 1: *(1.018 +rs111564371 +rs112568578 +rs113889384 +rs28371713 +rs28371701), *4.001, *(4.1021 -rs28371738)
NA10860	CYP2D6	1	*1/*4+*4.021.ALDY	1.018;4.001;4.1021	0	1.018	42524707	T>C	11	none	rs111564371	
NA10860	CYP2D6	1	*1/*4+*4.021.ALDY	1.018;4.001;4.1021	0	1.018	42524712	C>G	12	none	rs112568578	
NA10860	CYP2D6	1	*1/*4+*4.021.ALDY	1.018;4.001;4.1021	0	1.018	42524742	G>A	14	none	rs113889384	
NA10860	CYP2D6	1	*1/*4+*4.021.ALDY	1.018;4.001;4.1021	0	1.018	42524794	A>G	14	none	rs28371713	
NA10860	CYP2D6	1	*1/*4+*4.021.ALDY	1.018;4.001;4.1021	0	1.018	42526048	G>C	23	none	rs28371701	
NA10860	CYP2D6	1	*1/*4+*4.021.ALDY	1.018;4.001;4.1021	0	1.018	42526523	G>A	11	none	rs29001678	
NA10860	CYP2D6	1	*1/*4+*4.021.ALDY	1.018;4.001;4.1021	1	4.001	42522391	G>A	14	none	rs28371738	
NA10860	CYP2D6	1	*1/*4+*4.021.ALDY	1.018;4.001;4.1021	1	4.001	42522612	C>G	15	S486T	rs1135840	
NA10860	CYP2D6	1	*1/*4+*4.021.ALDY	1.018;4.001;4.1021	1	4.001	42523210	T>C	34	none	rs2004511	
NA10860	CYP2D6	1	*1/*4+*4.021.ALDY	1.018;4.001;4.1021	1	4.001	42523408	T>G	59	none	rs1985842	
NA10860	CYP2D6	1	*1/*4+*4.021.ALDY	1.018;4.001;4.1021	1	4.001	42524695	T>C	34	none	rs2267447	
NA10860	CYP2D6	1	*1/*4+*4.021.ALDY	1.018;4.001;4.1021	1	4.001	42524946	C>T	32	splice defect	rs3892097	
NA10860	CYP2D6	1	*1/*4+*4.021.ALDY	1.018;4.001;4.1021	1	4.001	42525131	C>G	24	none	rs1058164	
NA10860	CYP2D6	1	*1/*4+*4.021.ALDY	1.018;4.001;4.1021	1	4.001	42525797	G>C	35	none	rs28371705	
NA10860	CYP2D6	1	*1/*4+*4.021.ALDY	1.018;4.001;4.1021	1	4.001	42525810	T>C	34	H94R	rs28371704	
NA10860	CYP2D6	1	*1/*4+*4.021.ALDY	1.018;4.001;4.1021	1	4.001	42525820	G>T	33	L91M	rs28371703	
NA10860	CYP2D6	1	*1/*4+*4.021.ALDY	1.018;4.001;4.1021	1	4.001	42525951	A>C	23	none	rs28371702	
NA10860	CYP2D6	1	*1/*4+*4.021.ALDY	1.018;4.001;4.1021	1	4.001	42526048	G>C	23	none	rs28371701	
NA10860	CYP2D6	1	*1/*4+*4.021.ALDY	1.018;4.001;4.1021	1	4.001	42526483	C>A	31	none	rs28371699	
NA10860	CYP2D6	1	*1/*4+*4.021.ALDY	1.018;4.001;4.1021	1	4.001	42526693	G>A	18	P34S	rs1065852	
NA10860	CYP2D6	1	*1/*4+*4.021.ALDY	1.018;4.001;4.1021	1	4.001	42527792	C>T	30	none	rs1080989	
NA10860	CYP2D6	1	*1/*4+*4.021.ALDY	1.018;4.001;4.1021	1	4.001	42528027	T>C	16	none	rs28735595	
NA10860	CYP2D6	1	*1/*4+*4.021.ALDY	1.018;4.001;4.1021	1	4.001	42528223	G>A	30	none	rs28588594	
NA10860	CYP2D6	1	*1/*4+*4.021.ALDY	1.018;4.001;4.1021	2	4.1021	42523210	T>C	34	none	rs2004511	
NA10860	CYP2D6	1	*1/*4+*4.021.ALDY	1.018;4.001;4.1021	2	4.1021	42523408	T>G	59	none	rs1985842	
NA10860	CYP2D6	1	*1/*4+*4.021.ALDY	1.018;4.001;4.1021	2	4.1021	42523527	C>T	21	R365H	rs1058172	
NA10860	CYP2D6	1	*1/*4+*4.021.ALDY	1.018;4.001;4.1021	2	4.1021	42524695	T>C	34	none	rs2267447	
NA10860	CYP2D6	1	*1/*4+*4.021.ALDY	1.018;4.001;4.1021	2	4.1021	42524946	C>T	32	splice defect	rs3892097	
NA10860	CYP2D6	1	*1/*4+*4.021.ALDY	1.018;4.001;4.1021	2	4.1021	42525131	C>G	24	none	rs1058164	
NA10860	CYP2D6	1	*1/*4+*4.021.ALDY	1.018;4.001;4.1021	2	4.1021	42525797	G>C	35	none	rs28371705	
NA10860	CYP2D6	1	*1/*4+*4.021.ALDY	1.018;4.001;4.1021	2	4.1021	42525810	T>C	34	H94R	rs28371704	
NA10860	CYP2D6	1	*1/*4+*4.021.ALDY	1.018;4.001;4.1021	2	4.1021	42525820	G>T	33	L91M	rs28371703	
NA10860	CYP2D6	1	*1/*4+*4.021.ALDY	1.018;4.001;4.1021	2	4.1021	42525951	A>C	23	none	rs28371702	
NA10860	CYP2D6	1	*1/*4+*4.021.ALDY	1.018;4.001;4.1021	2	4.1021	42526048	G>C	23	none	rs28371701	
NA10860	CYP2D6	1	*1/*4+*4.021.ALDY	1.018;4.001;4.1021	2	4.1021	42526483	C>A	31	none	rs28371699	
NA10860	CYP2D6	1	*1/*4+*4.021.ALDY	1.018;4.001;4.1021	2	4.1021	42526693	G>A	18	P34S	rs1065852	
NA10860	CYP2D6	1	*1/*4+*4.021.ALDY	1.018;4.001;4.1021	2	4.1021	42527792	C>T	30	none	rs1080989	
NA10860	CYP2D6	1	*1/*4+*4.021.ALDY	1.018;4.001;4.1021	2	4.1021	42528027	T>C	16	none	rs28735595	
NA10860	CYP2D6	1	*1/*4+*4.021.ALDY	1.018;4.001;4.1021	2	4.1021	42528223	G>A	30	none	rs28588594	
#Solution 2: *(1.018 +rs111564371 +rs112568578 +rs113889384 +rs28371713 +rs28371701), *4.021, *(4.1013 -rs28371738)
NA10860	CYP2D6	2	*1/*4.021+*4N.ALDY	1.018;4.021;4.1013	0	1.018	42524707	T>C	11	none	rs111564371	
NA10860	CYP2D6	2	*1/*4.021+*4N.ALDY	1.018;4.021;4.1013	0	1.018	42524712	C>G	12	none	rs112568578	
NA10860	CYP2D6	2	*1/*4.021+*4N.ALDY	1.018;4.021;4.1013	0	1.018	42524742	G>A	14	none	rs113889384	
NA10860	CYP2D6	2	*1/*4.021+*4N.ALDY	1.018;4.021;4.1013	0	1.018	42524794	A>G	14	none	rs28371713	
NA10860	CYP2D6	2	*1/*4.021+*4N.ALDY	1.018;4.021;4.1013	0	1.018	42526048	G>C	23	none	rs28371701	
NA10860	CYP2D6	2	*1/*4.021+*4N.ALDY	1.018;4.021;4.1013	0	1.018	42526523	G>A	11	none	rs29001678	
NA10860	CYP2D6	2	*1/*4.021+*4N.ALDY	1.018;4.021;4.1013	1	4.021	42522391	G>A	14	none	rs28371738	
NA10860	CYP2D6	2	*1/*4.021+*4N.ALDY	1.018;4.021;4.1013	1	4.021	42522612	C>G	15	S486T	rs1135840	
NA10860	CYP2D6	2	*1/*4.021+*4N.ALDY	1.018;4.021;4.1013	1	4.021	42523210	T>C	34	none	rs2004511	
NA10860	CYP2D6	2	*1/*4.021+*4N.ALDY	1.018;4.021;4.1013	1	4.021	42523408	T>G	59	none	rs1985842	
NA10860	CYP2D6	2	*1/*4.021+*4N.ALDY	1.018;4.021;4.1013	1	4.021	42523527	C>T	21	R365H	rs1058172	
NA10860	CYP2D6	2	*1/*4.021+*4N.ALDY	1.018;4.021;4.1013	1	4.021	42524695	T>C	34	none	rs2267447	
NA10860	CYP2D6	2	*1/*4.021+*4N.ALDY	1.018;4.021;4.1013	1	4.021	42524946	C>T	32	splice defect	rs3892097	
NA10860	CYP2D6	2	*1/*4.021+*4N.ALDY	1.018;4.021;4.1013	1	4.021	42525131	C>G	24	none	rs1058164	
NA10860	CYP2D6	2	*1/*4.021+*4N.ALDY	1.018;4.021;4.1013	1	4.021	42525797	G>C	35	none	rs28371705	
NA10860	CYP2D6	2	*1/*4.021+*4N.ALDY	1.018;4.021;4.1013	1	4.021	42525810	T>C	34	H94R	rs28371704	
NA10860	CYP2D6	2	*1/*4.021+*4N.ALDY	1.018;4.021;4.1013	1	4.021	42525820	G>T	33	L91M	rs28371703	
NA10860	CYP2D6	2	*1/*4.021+*4N.ALDY	1.018;4.021;4.1013	1	4.021	42525951	A>C	23	none	rs28371702	
NA10860	CYP2D6	2	*1/*4.021+*4N.ALDY	1.018;4.021;4.1013	1	4.021	42526048	G>C	23	none	rs28371701	
NA10860	CYP2D6	2	*1/*4.021+*4N.ALDY	1.018;4.021;4.1013	1	4.021	42526483	C>A	31	none	rs28371699	
NA10860	CYP2D6	2	*1/*4.021+*4N.ALDY	1.018;4.021;4.1013	1	4.021	42526693	G>A	18	P34S	rs1065852	
NA10860	CYP2D6	2	*1/*4.021+*4N.ALDY	1.018;4.021;4.1013	1	4.021	42527792	C>T	30	none	rs1080989	
NA10860	CYP2D6	2	*1/*4.021+*4N.ALDY	1.018;4.021;4.1013	1	4.021	42528027	T>C	16	none	rs28735595	
NA10860	CYP2D6	2	*1/*4.021+*4N.ALDY	1.018;4.021;4.1013	1	4.021	42528223	G>A	30	none	rs28588594	
NA10860	CYP2D6	2	*1/*4.021+*4N.ALDY	1.018;4.021;4.1013	2	4.1013	42523210	T>C	34	none	rs2004511	
NA10860	CYP2D6	2	*1/*4.021+*4N.ALDY	1.018;4.021;4.1013	2	4.1013	42523408	T>G	59	none	rs1985842	
NA10860	CYP2D6	2	*1/*4.021+*4N.ALDY	1.018;4.021;4.1013	2	4.1013	42524695	T>C	34	none	rs2267447	
NA10860	CYP2D6	2	*1/*4.021+*4N.ALDY	1.018;4.021;4.1013	2	4.1013	42524946	C>T	32	splice defect	rs3892097	
NA10860	CYP2D6	2	*1/*4.021+*4N.ALDY	1.018;4.021;4.1013	2	4.1013	42525131	C>G	24	none	rs1058164	
NA10860	CYP2D6	2	*1/*4.021+*4N.ALDY	1.018;4.021;4.1013	2	4.1013	42525797	G>C	35	none	rs28371705	
NA10860	CYP2D6	2	*1/*4.021+*4N.ALDY	1.018;4.021;4.1013	2	4.1013	42525810	T>C	34	H94R	rs28371704	
NA10860	CYP2D6	2	*1/*4.021+*4N.ALDY	1.018;4.021;4.1013	2	4.1013	42525820	G>T	33	L91M	rs28371703	
NA10860	CYP2D6	2	*1/*4.021+*4N.ALDY	1.018;4.021;4.1013	2	4.1013	42525951	A>C	23	none	rs28371702	
NA10860	CYP2D6	2	*1/*4.021+*4N.ALDY	1.018;4.021;4.1013	2	4.1013	42526048	G>C	23	none	rs28371701	
NA10860	CYP2D6	2	*1/*4.021+*4N.ALDY	1.018;4.021;4.1013	2	4.1013	42526483	C>A	31	none	rs28371699	
NA10860	CYP2D6	2	*1/*4.021+*4N.ALDY	1.018;4.021;4.1013	2	4.1013	42526693	G>A	18	P34S	rs1065852	
NA10860	CYP2D6	2	*1/*4.021+*4N.ALDY	1.018;4.021;4.1013	2	4.1013	42527792	C>T	30	none	rs1080989	
NA10860	CYP2D6	2	*1/*4.021+*4N.ALDY	1.018;4.021;4.1013	2	4.1013	42528027	T>C	16	none	rs28735595	
NA10860	CYP2D6	2	*1/*4.021+*4N.ALDY	1.018;4.021;4.1013	2	4.1013	42528223	G>A	30	none	rs28588594	
