##fileformat=VCFv4.2
##source=aldy-v4.0
##INFO=<ID=ANN,Number=1,Type=String,Description="Location within CYP2D6">
##INFO=<ID=TYPE,Number=1,Type=String,Description="Mutation kind">
##INFO=<ID=GENE,Number=1,Type=String,Description="Gene">
##FORMAT=<ID=GT,Number=1,Type=String,Description="Genotype">
##FORMAT=<ID=DP,Number=1,Type=Integer,Description="Read Depth">
##FORMAT=<ID=MA,Number=1,Type=String,Description="Major genotype star-allele calls">
##FORMAT=<ID=MI,Number=1,Type=String,Description="Minor genotype star-allele calls">
#CHROM	POS	ID	REF	ALT	QUAL	FILTER	INFO	FORMAT	NA10860:0:*1/*4+*4.021.ALDY	NA10860:1:*1/*4.021+*4N.ALDY
22	42522392	rs28371738	G	A	0	PASS	EFFECT=none;GENE=CYP2D6	GT:DP:MA:MI	0|1|1:14:-,*4,*4.021.ALDY:-,*4.001,*4.1021	0|1|1:14:-,*4.021,*4N.ALDY:-,*4.021,*4.1013
22	42522613	rs1135840	C	G	0	PASS	EFFECT=S486T;GENE=CYP2D6	GT:DP:MA:MI	0|1|0:15:-,*4,-:-,*4.001,-	0|1|0:15:-,*4.021,-:-,*4.021,-
22	42523211	rs2004511	T	C	0	PASS	EFFECT=none;GENE=CYP2D6	GT:DP:MA:MI	0|1|1:34:-,*4,*4.021.ALDY:-,*4.001,*4.1021	0|1|1:34:-,*4.021,*4N.ALDY:-,*4.021,*4.1013
22	42523409	rs1985842	T	G	0	PASS	EFFECT=none;GENE=CYP2D6	GT:DP:MA:MI	0|1|1:59:-,*4,*4.021.ALDY:-,*4.001,*4.1021	0|1|1:59:-,*4.021,*4N.ALDY:-,*4.021,*4.1013
22	42523528	rs1058172	C	T	0	PASS	EFFECT=R365H;GENE=CYP2D6	GT:DP:MA:MI	0|1|1:21:-,*4,*4.021.ALDY:-,*4.001,*4.1021	0|1|1:21:-,*4.021,*4N.ALDY:-,*4.021,*4.1013
22	42524696	rs2267447	T	C	0	PASS	EFFECT=none;GENE=CYP2D6	GT:DP:MA:MI	0|1|1:34:-,*4,*4.021.ALDY:-,*4.001,*4.1021	0|1|1:34:-,*4.021,*4N.ALDY:-,*4.021,*4.1013
22	42524708	rs111564371	T	C	0	PASS	EFFECT=none;GENE=CYP2D6	GT:DP:MA:MI	1|0|0:11:*1,-,-:*1.018,-,-	1|0|0:11:*1,-,-:*1.018,-,-
22	42524713	rs112568578	C	G	0	PASS	EFFECT=none;GENE=CYP2D6	GT:DP:MA:MI	1|0|0:12:*1,-,-:*1.018,-,-	1|0|0:12:*1,-,-:*1.018,-,-
22	42524743	rs113889384	G	A	0	PASS	EFFECT=none;GENE=CYP2D6	GT:DP:MA:MI	1|0|0:14:*1,-,-:*1.018,-,-	1|0|0:14:*1,-,-:*1.018,-,-
22	42524795	rs28371713	A	G	0	PASS	EFFECT=none;GENE=CYP2D6	GT:DP:MA:MI	1|0|0:14:*1,-,-:*1.018,-,-	1|0|0:14:*1,-,-:*1.018,-,-
22	42524947	rs3892097	C	T	0	PASS	EFFECT=splice_defect;GENE=CYP2D6	GT:DP:MA:MI	0|1|1:32:-,*4,*4.021.ALDY:-,*4.001,*4.1021	0|1|1:32:-,*4.021,*4N.ALDY:-,*4.021,*4.1013
22	42525132	rs1058164	C	G	0	PASS	EFFECT=none;GENE=CYP2D6	GT:DP:MA:MI	0|1|1:24:-,*4,*4.021.ALDY:-,*4.001,*4.1021	0|1|1:24:-,*4.021,*4N.ALDY:-,*4.021,*4.1013
22	42525798	rs28371705	G	C	0	PASS	EFFECT=none;GENE=CYP2D6	GT:DP:MA:MI	0|1|1:35:-,*4,*4.021.ALDY:-,*4.001,*4.1021	0|1|1:35:-,*4.021,*4N.ALDY:-,*4.021,*4.1013
22	42525811	rs28371704	T	C	0	PASS	EFFECT=H94R;GENE=CYP2D6	GT:DP:MA:MI	0|1|1:34:-,*4,*4.021.ALDY:-,*4.001,*4.1021	0|1|1:34:-,*4.021,*4N.ALDY:-,*4.021,*4.1013
22	42525821	rs28371703	G	T	0	PASS	EFFECT=L91M;GENE=CYP2D6	GT:DP:MA:MI	0|1|1:33:-,*4,*4.021.ALDY:-,*4.001,*4.1021	0|1|1:33:-,*4.021,*4N.ALDY:-,*4.021,*4.1013
22	42525952	rs28371702	A	C	0	PASS	EFFECT=none;GENE=CYP2D6	GT:DP:MA:MI	0|1|1:23:-,*4,*4.021.ALDY:-,*4.001,*4.1021	0|1|1:23:-,*4.021,*4N.ALDY:-,*4.021,*4.1013
22	42526049	rs28371701	G	C	0	PASS	EFFECT=none;GENE=CYP2D6	GT:DP:MA:MI	1|1|1:23:*1,*4,*4.021.ALDY:*1.018,*4.001,*4.1021	1|1|1:23:*1,*4.021,*4N.ALDY:*1.018,*4.021,*4.1013
22	42526484	rs28371699	C	A	0	PASS	EFFECT=none;GENE=CYP2D6	GT:DP:MA:MI	0|1|1:31:-,*4,*4.021.ALDY:-,*4.001,*4.1021	0|1|1:31:-,*4.021,*4N.ALDY:-,*4.021,*4.1013
22	42526524	rs29001678	G	A	0	PASS	EFFECT=none;GENE=CYP2D6	GT:DP:MA:MI	1|0|0:11:*1,-,-:*1.018,-,-	1|0|0:11:*1,-,-:*1.018,-,-
22	42526694	rs1065852	G	A	0	PASS	EFFECT=P34S;GENE=CYP2D6	GT:DP:MA:MI	0|1|1:18:-,*4,*4.021.ALDY:-,*4.001,*4.1021	0|1|1:18:-,*4.021,*4N.ALDY:-,*4.021,*4.1013
22	42527793	rs1080989	C	T	0	PASS	EFFECT=none;GENE=CYP2D6	GT:DP:MA:MI	0|1|1:30:-,*4,*4.021.ALDY:-,*4.001,*4.1021	0|1|1:30:-,*4.021,*4N.ALDY:-,*4.021,*4.1013
22	42528028	rs28735595	T	C	0	PASS	EFFECT=none;GENE=CYP2D6	GT:DP:MA:MI	0|1|1:16:-,*4,*4.021.ALDY:-,*4.001,*4.1021	0|1|1:16:-,*4.021,*4N.ALDY:-,*4.021,*4.1013
22	42528224	rs28588594	G	A	0	PASS	EFFECT=none;GENE=CYP2D6	GT:DP:MA:MI	0|1|1:30:-,*4,*4.021.ALDY:-,*4.001,*4.1021	0|1|1:30:-,*4.021,*4N.ALDY:-,*4.021,*4.1013
